[SystemMemory] cgroup memory limit detected: 8192 MiB — it governs memory-adaptive render behaviour instead of host RAM.
fatal library error, lookup self

◆  Rendering ai-business-collage → /workspace/scratch/84a9a71a0bd6/projects/ai-business-collage/renders/v2_capture.mp4
   30fps · high · 2 workers

[?25l│
◒  Checking browser[1G[J◇  Browser: env
[?25h
  Lint: 1 error(s), 19 warning(s) — run with --lint-verbose for full output.
  Continuing render despite lint issues. Use --strict to block errors.

fatal library error, lookup self
[INFO] [Render] Pipeline started {"renderJobId":"26d33ed8-a3c3-4290-8ff5-202e1227d1ff","platform":"linux","arch":"x64","nodeVersion":"v24.19.0","fps":{"num":30,"den":1},"format":"mp4","quality":"high","browserGpuMode":"software","forceScreenshot":true,"protocolTimeout":300000,"browserTimeout":120000,"pageNavigationTimeout":60000,"playerReadyTimeout":45000}
[INFO] [Render:trace] {"renderJobId":"26d33ed8-a3c3-4290-8ff5-202e1227d1ff","phase":"pipeline","status":"checkpoint","elapsedMs":2,"message":"started","format":"mp4","quality":"high","browserGpuMode":"software","forceScreenshot":true,"protocolTimeoutMs":300000,"pageNavigationTimeoutMs":60000,"playerReadyTimeoutMs":45000,"requestedWorkers":2}
[INFO] [Render:trace] {"renderJobId":"26d33ed8-a3c3-4290-8ff5-202e1227d1ff","phase":"compile","status":"start","elapsedMs":5,"needsAlpha":false}
  █░░░░░░░░░░░░░░░░░░░░░░░░  5%  Compiling composition
[INFO] [Compiler] Embedded local font file: assets/fonts/thmanyahserifdisplay-Regular.woff2 (79 KB → data URI)
[INFO] [Compiler] Embedded local font file: assets/fonts/thmanyahserifdisplay-Bold.woff2 (80 KB → data URI)
[INFO] [Compiler] Embedded local font file: assets/fonts/thmanyahserifdisplay-Black.woff2 (77 KB → data URI)
[INFO] Compiled composition metadata {"renderJobId":"26d33ed8-a3c3-4290-8ff5-202e1227d1ff","entryFile":"index.html","staticDuration":48.36666666666667,"width":1080,"height":1920,"videoCount":0,"audioCount":1,"renderModeHints":{"recommendScreenshot":false,"reasons":[]}}
[INFO] [Render:trace] {"renderJobId":"26d33ed8-a3c3-4290-8ff5-202e1227d1ff","phase":"compile","status":"end","elapsedMs":946,"durationMs":941,"needsAlpha":false}
[INFO] [Render:trace] {"renderJobId":"26d33ed8-a3c3-4290-8ff5-202e1227d1ff","phase":"compile","status":"checkpoint","elapsedMs":948,"message":"composition metadata resolved","width":1080,"height":1920,"videoCount":0,"audioCount":1,"imageCount":76,"deviceScaleFactor":1,"forceScreenshot":true,"compositionHash":"c1150e6a78f3dfbb"}
[INFO] [Render:trace] {"renderJobId":"26d33ed8-a3c3-4290-8ff5-202e1227d1ff","phase":"browser_probe","status":"start","elapsedMs":948,"forceScreenshot":true,"stagePhase":"calibrating"}
[INFO] [Render:trace] {"renderJobId":"26d33ed8-a3c3-4290-8ff5-202e1227d1ff","phase":"browser_probe","status":"end","elapsedMs":1613,"durationMs":665,"forceScreenshot":true,"stagePhase":"calibrating"}
[INFO] [Render:trace] {"renderJobId":"26d33ed8-a3c3-4290-8ff5-202e1227d1ff","phase":"browser_probe","status":"checkpoint","elapsedMs":1614,"message":"duration resolved","durationSeconds":48.36666666666667,"totalFrames":1451,"compositionHash":"c1150e6a78f3dfbb","beginFrameStalled":false}
[INFO] [Render:trace] {"renderJobId":"26d33ed8-a3c3-4290-8ff5-202e1227d1ff","phase":"video_extract","status":"start","elapsedMs":1615,"videoCount":0}
  ██░░░░░░░░░░░░░░░░░░░░░░░  10%  Extracting video frames
[INFO] [Render:trace] {"renderJobId":"26d33ed8-a3c3-4290-8ff5-202e1227d1ff","phase":"video_extract","status":"end","elapsedMs":1650,"durationMs":35,"videoCount":0}
[INFO] [Render:trace] {"renderJobId":"26d33ed8-a3c3-4290-8ff5-202e1227d1ff","phase":"video_extract","status":"checkpoint","elapsedMs":1655,"message":"frames resolved","videoCount":0,"extractedVideoCount":0,"totalFramesExtracted":0,"maxFramesPerVideo":0,"avgFramesPerExtractedVideo":null,"vfrPreflightCount":null,"vfrPreflightMs":null,"cacheHits":null,"cacheMisses":null,"transientRetries":null,"minVideoFrameCoverageRatio":null,"authoredTimedClipCount":13}
[INFO] [Render] No HDR sources detected — rendering SDR {"renderJobId":"26d33ed8-a3c3-4290-8ff5-202e1227d1ff"}
[INFO] [Render:trace] {"renderJobId":"26d33ed8-a3c3-4290-8ff5-202e1227d1ff","phase":"hdr_detection","status":"checkpoint","elapsedMs":1656,"message":"resolved","requestedHdrMode":"auto","effectiveHdr":"sdr","nativeHdrVideoCount":0,"nativeHdrImageCount":0}
[INFO] [Render:trace] {"renderJobId":"26d33ed8-a3c3-4290-8ff5-202e1227d1ff","phase":"audio_process","status":"start","elapsedMs":1656,"audioCount":1}
  █████░░░░░░░░░░░░░░░░░░░░  20%  Processing audio tracks
[INFO] [Render:trace] {"renderJobId":"26d33ed8-a3c3-4290-8ff5-202e1227d1ff","phase":"audio_process","status":"end","elapsedMs":3513,"durationMs":1857,"audioCount":1}
[INFO] [Render:trace] {"renderJobId":"26d33ed8-a3c3-4290-8ff5-202e1227d1ff","phase":"file_server","status":"start","elapsedMs":3513,"reused":false}
  ██████░░░░░░░░░░░░░░░░░░░  25%  Starting frame capture
[INFO] [Render:trace] {"renderJobId":"26d33ed8-a3c3-4290-8ff5-202e1227d1ff","phase":"file_server","status":"end","elapsedMs":3520,"durationMs":7}
  ██████░░░░░░░░░░░░░░░░░░░  25%  Checking browser GPU
[INFO] [Render:trace] {"renderJobId":"26d33ed8-a3c3-4290-8ff5-202e1227d1ff","phase":"capture_calibration","status":"checkpoint","elapsedMs":3525,"message":"skipped","requestedWorkers":2,"totalFrames":1451,"htmlInCanvasDetected":false,"lowMemoryMode":false,"deInversionEligible":false,"deParallelRouterEligible":false}
[INFO] [Render:trace] {"renderJobId":"26d33ed8-a3c3-4290-8ff5-202e1227d1ff","phase":"worker_resolution","status":"checkpoint","elapsedMs":3526,"message":"resolved","workerCount":2}
[INFO] streaming-encode gate {"renderJobId":"26d33ed8-a3c3-4290-8ff5-202e1227d1ff","enabled":false,"reason":"multi_worker","configFlag":true,"durationCapEnabled":false,"outputFormat":"mp4","workerCount":2,"durationSeconds":48.36666666666667,"maxDurationSeconds":240}
[INFO] [Render:trace] {"renderJobId":"26d33ed8-a3c3-4290-8ff5-202e1227d1ff","phase":"capture_strategy","status":"checkpoint","elapsedMs":3526,"message":"resolved","workerCount":2,"forceScreenshot":true,"captureBeyondViewport":null,"useStreamingEncode":false,"useLayeredComposite":false,"usePageSideCompositing":false,"hasHdrContent":false,"hasShaderTransitions":false,"isPngSequence":false}
[INFO] [Render:trace] {"renderJobId":"26d33ed8-a3c3-4290-8ff5-202e1227d1ff","phase":"capture_disk","status":"start","elapsedMs":3526,"stagePhase":"capturing","needsAlpha":false,"workerCount":2,"forceScreenshot":true,"totalFrames":1451,"framesCompleted":0,"captureMode":"screenshot","captureOperation":"captureScreenshot"}
  ██████░░░░░░░░░░░░░░░░░░░  25%  Starting browsers (0/2 ready)
[BrowserManager] Browser launched (HeadlessChrome/153.0.8010.0, screenshot, gl=--use-gl=angle --use-angle=swiftshader, headlessShell=true, platform=linux)
[BrowserManager] Browser launched (HeadlessChrome/153.0.8010.0, screenshot, gl=--use-gl=angle --use-angle=swiftshader, headlessShell=true, platform=linux)
[initSession:screenshot] page.goto start (0ms)
  ██████░░░░░░░░░░░░░░░░░░░  25%  Starting browsers (0/2 ready)
[initSession:screenshot] page.goto start (0ms)
[HyperFrames] render runtime fps {"canonicalFps":30,"source":"render-options","rawFpsSource":"render-options","rawFps":30}
[initSession:screenshot] page.goto complete (339ms)
[HyperFrames] render runtime fps {"canonicalFps":30,"source":"render-options","rawFpsSource":"render-options","rawFps":30}
[initSession:screenshot] page.goto complete (345ms)
[initSession:screenshot] GSAP proxy flush complete (594ms)
[initSession:screenshot] GSAP proxy flush complete (526ms)
[initSession:screenshot] pollHfReady complete (536ms)
[initSession:screenshot] pollHfReady complete (688ms)
[initSession:screenshot] pollSubCompositionTimelines complete (ready) (998ms)
[initSession:screenshot] applyVideoMetadataHints complete (999ms)
[initSession:screenshot] media + fonts + tailwind ready (1004ms)
[initSession:screenshot] pollSubCompositionTimelines complete (ready) (1046ms)
[initSession:screenshot] applyVideoMetadataHints complete (1046ms)
[initSession:screenshot] media + fonts + tailwind ready (1050ms)
[initSession:screenshot] static-frame dedup: 298/298 predicted frame(s) reusable (outcome=verified, runs=10/10, screenshots=34, seeks=35, elapsedMs=2429) (4470ms)
  ██████░░░░░░░░░░░░░░░░░░░  25%  Starting browsers (1/2 ready)
[initSession:screenshot] static-frame dedup: 298/298 predicted frame(s) reusable (outcome=verified, runs=10/10, screenshots=34, seeks=35, elapsedMs=2391) (4426ms)
  ██████░░░░░░░░░░░░░░░░░░░  25%  Capturing frame 1/1451 (2 workers)
  ██████░░░░░░░░░░░░░░░░░░░  26%  Capturing frame 23/1451 (2 workers)
  ██████░░░░░░░░░░░░░░░░░░░  26%  Capturing frame 30/1451 (2 workers)
  ██████░░░░░░░░░░░░░░░░░░░  26%  Capturing frame 36/1451 (2 workers)
  ██████░░░░░░░░░░░░░░░░░░░  26%  Capturing frame 42/1451 (2 workers)
  ██████░░░░░░░░░░░░░░░░░░░  26%  Capturing frame 48/1451 (2 workers)
  ██████░░░░░░░░░░░░░░░░░░░  27%  Capturing frame 54/1451 (2 workers)
  ██████░░░░░░░░░░░░░░░░░░░  27%  Capturing frame 58/1451 (2 workers)
  ██████░░░░░░░░░░░░░░░░░░░  27%  Capturing frame 62/1451 (2 workers)
  ██████░░░░░░░░░░░░░░░░░░░  27%  Capturing frame 65/1451 (2 workers)
  ██████░░░░░░░░░░░░░░░░░░░  27%  Capturing frame 69/1451 (2 workers)
  ██████░░░░░░░░░░░░░░░░░░░  27%  Capturing frame 72/1451 (2 workers)
  ██████░░░░░░░░░░░░░░░░░░░  27%  Capturing frame 76/1451 (2 workers)
  ██████░░░░░░░░░░░░░░░░░░░  27%  Capturing frame 80/1451 (2 workers)
  ███████░░░░░░░░░░░░░░░░░░  28%  Capturing frame 83/1451 (2 workers)
  ███████░░░░░░░░░░░░░░░░░░  28%  Capturing frame 87/1451 (2 workers)
  ███████░░░░░░░░░░░░░░░░░░  28%  Capturing frame 91/1451 (2 workers)
  ███████░░░░░░░░░░░░░░░░░░  28%  Capturing frame 95/1451 (2 workers)
  ███████░░░░░░░░░░░░░░░░░░  29%  Capturing frame 124/1451 (2 workers)
  ███████░░░░░░░░░░░░░░░░░░  29%  Capturing frame 129/1451 (2 workers)
  ███████░░░░░░░░░░░░░░░░░░  29%  Capturing frame 134/1451 (2 workers)
  ███████░░░░░░░░░░░░░░░░░░  29%  Capturing frame 140/1451 (2 workers)
  ███████░░░░░░░░░░░░░░░░░░  29%  Capturing frame 145/1451 (2 workers)
  ███████░░░░░░░░░░░░░░░░░░  30%  Capturing frame 150/1451 (2 workers)
  ███████░░░░░░░░░░░░░░░░░░  30%  Capturing frame 155/1451 (2 workers)
  ███████░░░░░░░░░░░░░░░░░░  30%  Capturing frame 160/1451 (2 workers)
  ███████░░░░░░░░░░░░░░░░░░  30%  Capturing frame 165/1451 (2 workers)
  ███████░░░░░░░░░░░░░░░░░░  30%  Capturing frame 168/1451 (2 workers)
  ███████░░░░░░░░░░░░░░░░░░  30%  Capturing frame 172/1451 (2 workers)
  ███████░░░░░░░░░░░░░░░░░░  30%  Capturing frame 176/1451 (2 workers)
  ███████░░░░░░░░░░░░░░░░░░  31%  Capturing frame 180/1451 (2 workers)
  ███████░░░░░░░░░░░░░░░░░░  31%  Capturing frame 184/1451 (2 workers)
  ███████░░░░░░░░░░░░░░░░░░  31%  Capturing frame 188/1451 (2 workers)
  ███████░░░░░░░░░░░░░░░░░░  31%  Capturing frame 191/1451 (2 workers)
  ███████░░░░░░░░░░░░░░░░░░  31%  Capturing frame 194/1451 (2 workers)
  ███████░░░░░░░░░░░░░░░░░░  31%  Capturing frame 197/1451 (2 workers)
  ███████░░░░░░░░░░░░░░░░░░  31%  Capturing frame 200/1451 (2 workers)
  ███████░░░░░░░░░░░░░░░░░░  31%  Capturing frame 203/1451 (2 workers)
  ███████░░░░░░░░░░░░░░░░░░  31%  Capturing frame 206/1451 (2 workers)
  ███████░░░░░░░░░░░░░░░░░░  31%  Capturing frame 208/1451 (2 workers)
  ████████░░░░░░░░░░░░░░░░░  32%  Capturing frame 211/1451 (2 workers)
  ████████░░░░░░░░░░░░░░░░░  32%  Capturing frame 214/1451 (2 workers)
  ████████░░░░░░░░░░░░░░░░░  32%  Capturing frame 217/1451 (2 workers)
  ████████░░░░░░░░░░░░░░░░░  32%  Capturing frame 220/1451 (2 workers)
  ████████░░░░░░░░░░░░░░░░░  32%  Capturing frame 222/1451 (2 workers)
  ████████░░░░░░░░░░░░░░░░░  32%  Capturing frame 225/1451 (2 workers)
  ████████░░░░░░░░░░░░░░░░░  32%  Capturing frame 228/1451 (2 workers)
  ████████░░░░░░░░░░░░░░░░░  32%  Capturing frame 231/1451 (2 workers)
  ████████░░░░░░░░░░░░░░░░░  32%  Capturing frame 234/1451 (2 workers)
  ████████░░░░░░░░░░░░░░░░░  32%  Capturing frame 237/1451 (2 workers)
  ████████░░░░░░░░░░░░░░░░░  32%  Capturing frame 240/1451 (2 workers)
  ████████░░░░░░░░░░░░░░░░░  33%  Capturing frame 242/1451 (2 workers)
  ████████░░░░░░░░░░░░░░░░░  33%  Capturing frame 245/1451 (2 workers)
  ████████░░░░░░░░░░░░░░░░░  33%  Capturing frame 247/1451 (2 workers)
  ████████░░░░░░░░░░░░░░░░░  33%  Capturing frame 250/1451 (2 workers)
  ████████░░░░░░░░░░░░░░░░░  33%  Capturing frame 253/1451 (2 workers)
  ████████░░░░░░░░░░░░░░░░░  33%  Capturing frame 255/1451 (2 workers)
  ████████░░░░░░░░░░░░░░░░░  33%  Capturing frame 258/1451 (2 workers)
  ████████░░░░░░░░░░░░░░░░░  33%  Capturing frame 260/1451 (2 workers)
  ████████░░░░░░░░░░░░░░░░░  33%  Capturing frame 263/1451 (2 workers)
  ████████░░░░░░░░░░░░░░░░░  33%  Capturing frame 265/1451 (2 workers)
  ████████░░░░░░░░░░░░░░░░░  33%  Capturing frame 268/1451 (2 workers)
  ████████░░░░░░░░░░░░░░░░░  33%  Capturing frame 271/1451 (2 workers)
  ████████░░░░░░░░░░░░░░░░░  33%  Capturing frame 273/1451 (2 workers)
  ████████░░░░░░░░░░░░░░░░░  34%  Capturing frame 276/1451 (2 workers)
  ████████░░░░░░░░░░░░░░░░░  34%  Capturing frame 278/1451 (2 workers)
  ████████░░░░░░░░░░░░░░░░░  34%  Capturing frame 281/1451 (2 workers)
  ████████░░░░░░░░░░░░░░░░░  34%  Capturing frame 283/1451 (2 workers)
  ████████░░░░░░░░░░░░░░░░░  34%  Capturing frame 286/1451 (2 workers)
  ████████░░░░░░░░░░░░░░░░░  34%  Capturing frame 289/1451 (2 workers)
  ████████░░░░░░░░░░░░░░░░░  34%  Capturing frame 292/1451 (2 workers)
  ████████░░░░░░░░░░░░░░░░░  34%  Capturing frame 295/1451 (2 workers)
  ████████░░░░░░░░░░░░░░░░░  34%  Capturing frame 297/1451 (2 workers)
  ████████░░░░░░░░░░░░░░░░░  34%  Capturing frame 300/1451 (2 workers)
  ████████░░░░░░░░░░░░░░░░░  34%  Capturing frame 302/1451 (2 workers)
  ████████░░░░░░░░░░░░░░░░░  34%  Capturing frame 305/1451 (2 workers)
  ████████░░░░░░░░░░░░░░░░░  35%  Capturing frame 307/1451 (2 workers)
  ████████░░░░░░░░░░░░░░░░░  35%  Capturing frame 309/1451 (2 workers)
  ████████░░░░░░░░░░░░░░░░░  35%  Capturing frame 312/1451 (2 workers)
  ████████░░░░░░░░░░░░░░░░░  35%  Capturing frame 315/1451 (2 workers)
  ████████░░░░░░░░░░░░░░░░░  35%  Capturing frame 318/1451 (2 workers)
  ████████░░░░░░░░░░░░░░░░░  35%  Capturing frame 322/1451 (2 workers)
[INFO] [Render:trace] {"renderJobId":"26d33ed8-a3c3-4290-8ff5-202e1227d1ff","phase":"capture_disk","status":"checkpoint","elapsedMs":33527,"message":"stage still running","stagePhase":"capturing","needsAlpha":false,"workerCount":2,"forceScreenshot":true,"totalFrames":1451,"framesCompleted":323,"captureMode":"screenshot","captureOperation":"captureScreenshot","heartbeatIndex":1,"stageElapsedMs":30000}
  ████████░░░░░░░░░░░░░░░░░  35%  Capturing frame 325/1451 (2 workers)
  ████████░░░░░░░░░░░░░░░░░  35%  Capturing frame 328/1451 (2 workers)
  ████████░░░░░░░░░░░░░░░░░  35%  Capturing frame 338/1451 (2 workers)
  █████████░░░░░░░░░░░░░░░░  36%  Capturing frame 342/1451 (2 workers)
  █████████░░░░░░░░░░░░░░░░  36%  Capturing frame 346/1451 (2 workers)
  █████████░░░░░░░░░░░░░░░░  36%  Capturing frame 350/1451 (2 workers)
  █████████░░░░░░░░░░░░░░░░  36%  Capturing frame 353/1451 (2 workers)
  █████████░░░░░░░░░░░░░░░░  36%  Capturing frame 357/1451 (2 workers)
  █████████░░░░░░░░░░░░░░░░  36%  Capturing frame 361/1451 (2 workers)
  █████████░░░░░░░░░░░░░░░░  36%  Capturing frame 364/1451 (2 workers)
  █████████░░░░░░░░░░░░░░░░  36%  Capturing frame 367/1451 (2 workers)
  █████████░░░░░░░░░░░░░░░░  37%  Capturing frame 371/1451 (2 workers)
  █████████░░░░░░░░░░░░░░░░  37%  Capturing frame 375/1451 (2 workers)
  █████████░░░░░░░░░░░░░░░░  37%  Capturing frame 379/1451 (2 workers)
  █████████░░░░░░░░░░░░░░░░  37%  Capturing frame 383/1451 (2 workers)
  █████████░░░░░░░░░░░░░░░░  37%  Capturing frame 386/1451 (2 workers)
  █████████░░░░░░░░░░░░░░░░  37%  Capturing frame 390/1451 (2 workers)
  █████████░░░░░░░░░░░░░░░░  37%  Capturing frame 394/1451 (2 workers)
  █████████░░░░░░░░░░░░░░░░  37%  Capturing frame 398/1451 (2 workers)
  █████████░░░░░░░░░░░░░░░░  37%  Capturing frame 402/1451 (2 workers)
  █████████░░░░░░░░░░░░░░░░  38%  Capturing frame 406/1451 (2 workers)
  █████████░░░░░░░░░░░░░░░░  38%  Capturing frame 410/1451 (2 workers)
  █████████░░░░░░░░░░░░░░░░  38%  Capturing frame 415/1451 (2 workers)
  █████████░░░░░░░░░░░░░░░░  38%  Capturing frame 419/1451 (2 workers)
  █████████░░░░░░░░░░░░░░░░  38%  Capturing frame 423/1451 (2 workers)
  █████████░░░░░░░░░░░░░░░░  38%  Capturing frame 426/1451 (2 workers)
  █████████░░░░░░░░░░░░░░░░  38%  Capturing frame 430/1451 (2 workers)
  █████████░░░░░░░░░░░░░░░░  38%  Capturing frame 434/1451 (2 workers)
  █████████░░░░░░░░░░░░░░░░  39%  Capturing frame 437/1451 (2 workers)
  █████████░░░░░░░░░░░░░░░░  39%  Capturing frame 440/1451 (2 workers)
  █████████░░░░░░░░░░░░░░░░  39%  Capturing frame 444/1451 (2 workers)
  █████████░░░░░░░░░░░░░░░░  39%  Capturing frame 449/1451 (2 workers)
  █████████░░░░░░░░░░░░░░░░  39%  Capturing frame 453/1451 (2 workers)
  █████████░░░░░░░░░░░░░░░░  39%  Capturing frame 458/1451 (2 workers)
  █████████░░░░░░░░░░░░░░░░  39%  Capturing frame 462/1451 (2 workers)
  █████████░░░░░░░░░░░░░░░░  39%  Capturing frame 466/1451 (2 workers)
  ██████████░░░░░░░░░░░░░░░  40%  Capturing frame 470/1451 (2 workers)
  ██████████░░░░░░░░░░░░░░░  40%  Capturing frame 474/1451 (2 workers)
  ██████████░░░░░░░░░░░░░░░  40%  Capturing frame 478/1451 (2 workers)
  ██████████░░░░░░░░░░░░░░░  40%  Capturing frame 483/1451 (2 workers)
  ██████████░░░░░░░░░░░░░░░  40%  Capturing frame 487/1451 (2 workers)
  ██████████░░░░░░░░░░░░░░░  40%  Capturing frame 491/1451 (2 workers)
  ██████████░░░░░░░░░░░░░░░  40%  Capturing frame 496/1451 (2 workers)
  ██████████░░░░░░░░░░░░░░░  41%  Capturing frame 500/1451 (2 workers)
  ██████████░░░░░░░░░░░░░░░  41%  Capturing frame 504/1451 (2 workers)
  ██████████░░░░░░░░░░░░░░░  41%  Capturing frame 508/1451 (2 workers)
  ██████████░░░░░░░░░░░░░░░  41%  Capturing frame 513/1451 (2 workers)
  ██████████░░░░░░░░░░░░░░░  41%  Capturing frame 517/1451 (2 workers)
  ██████████░░░░░░░░░░░░░░░  41%  Capturing frame 522/1451 (2 workers)
  ██████████░░░░░░░░░░░░░░░  41%  Capturing frame 526/1451 (2 workers)
  ██████████░░░░░░░░░░░░░░░  41%  Capturing frame 531/1451 (2 workers)
  ██████████░░░░░░░░░░░░░░░  42%  Capturing frame 536/1451 (2 workers)
  ██████████░░░░░░░░░░░░░░░  42%  Capturing frame 540/1451 (2 workers)
  ██████████░░░░░░░░░░░░░░░  42%  Capturing frame 545/1451 (2 workers)
  ██████████░░░░░░░░░░░░░░░  42%  Capturing frame 550/1451 (2 workers)
  ██████████░░░░░░░░░░░░░░░  42%  Capturing frame 555/1451 (2 workers)
  ██████████░░░░░░░░░░░░░░░  42%  Capturing frame 559/1451 (2 workers)
  ██████████░░░░░░░░░░░░░░░  42%  Capturing frame 564/1451 (2 workers)
  ██████████░░░░░░░░░░░░░░░  43%  Capturing frame 568/1451 (2 workers)
  ██████████░░░░░░░░░░░░░░░  43%  Capturing frame 572/1451 (2 workers)
  ██████████░░░░░░░░░░░░░░░  43%  Capturing frame 577/1451 (2 workers)
  ██████████░░░░░░░░░░░░░░░  43%  Capturing frame 582/1451 (2 workers)
  ██████████░░░░░░░░░░░░░░░  43%  Capturing frame 585/1451 (2 workers)
  ██████████░░░░░░░░░░░░░░░  43%  Capturing frame 589/1451 (2 workers)
  ██████████░░░░░░░░░░░░░░░  43%  Capturing frame 593/1451 (2 workers)
  ███████████░░░░░░░░░░░░░░  44%  Capturing frame 598/1451 (2 workers)
  ███████████░░░░░░░░░░░░░░  44%  Capturing frame 603/1451 (2 workers)
  ███████████░░░░░░░░░░░░░░  44%  Capturing frame 607/1451 (2 workers)
  ███████████░░░░░░░░░░░░░░  44%  Capturing frame 611/1451 (2 workers)
  ███████████░░░░░░░░░░░░░░  44%  Capturing frame 615/1451 (2 workers)
  ███████████░░░░░░░░░░░░░░  44%  Capturing frame 620/1451 (2 workers)
  ███████████░░░░░░░░░░░░░░  44%  Capturing frame 625/1451 (2 workers)
  ███████████░░░░░░░░░░░░░░  45%  Capturing frame 629/1451 (2 workers)
  ███████████░░░░░░░░░░░░░░  45%  Capturing frame 633/1451 (2 workers)
  ███████████░░░░░░░░░░░░░░  45%  Capturing frame 637/1451 (2 workers)
  ███████████░░░░░░░░░░░░░░  45%  Capturing frame 641/1451 (2 workers)
  ███████████░░░░░░░░░░░░░░  45%  Capturing frame 645/1451 (2 workers)
  ███████████░░░░░░░░░░░░░░  45%  Capturing frame 650/1451 (2 workers)
  ███████████░░░░░░░░░░░░░░  45%  Capturing frame 655/1451 (2 workers)
  ███████████░░░░░░░░░░░░░░  45%  Capturing frame 661/1451 (2 workers)
  ███████████░░░░░░░░░░░░░░  46%  Capturing frame 667/1451 (2 workers)
  ███████████░░░░░░░░░░░░░░  46%  Capturing frame 671/1451 (2 workers)
  ███████████░░░░░░░░░░░░░░  46%  Capturing frame 677/1451 (2 workers)
  ███████████░░░░░░░░░░░░░░  46%  Capturing frame 683/1451 (2 workers)
  ███████████░░░░░░░░░░░░░░  46%  Capturing frame 688/1451 (2 workers)
  ███████████░░░░░░░░░░░░░░  47%  Capturing frame 712/1451 (2 workers)
  ███████████░░░░░░░░░░░░░░  47%  Capturing frame 719/1451 (2 workers)
  ████████████░░░░░░░░░░░░░  48%  Capturing frame 751/1451 (2 workers)
  ████████████░░░░░░░░░░░░░  48%  Capturing frame 757/1451 (2 workers)
  ████████████░░░░░░░░░░░░░  50%  Capturing frame 802/1451 (2 workers)
  ████████████░░░░░░░░░░░░░  50%  Capturing frame 809/1451 (2 workers)
  █████████████░░░░░░░░░░░░  53%  Capturing frame 902/1451 (2 workers)
  █████████████░░░░░░░░░░░░  54%  Capturing frame 927/1451 (2 workers)
  █████████████░░░░░░░░░░░░  54%  Capturing frame 932/1451 (2 workers)
  █████████████░░░░░░░░░░░░  54%  Capturing frame 938/1451 (2 workers)
  █████████████░░░░░░░░░░░░  54%  Capturing frame 951/1451 (2 workers)
  █████████████░░░░░░░░░░░░  55%  Capturing frame 967/1451 (2 workers)
[static-dedup] reused 269/725 frame(s) (37%), est. ~31204ms saved (avg 116ms/frame)
  ██████████████░░░░░░░░░░░  57%  Capturing frame 1020/1451 (2 workers)
  ██████████████░░░░░░░░░░░  57%  Capturing frame 1023/1451 (2 workers)
  ██████████████░░░░░░░░░░░  57%  Capturing frame 1026/1451 (2 workers)
  ██████████████░░░░░░░░░░░  57%  Capturing frame 1029/1451 (2 workers)
  ██████████████░░░░░░░░░░░  57%  Capturing frame 1032/1451 (2 workers)
  ██████████████░░░░░░░░░░░  57%  Capturing frame 1035/1451 (2 workers)
[INFO] [Render:trace] {"renderJobId":"26d33ed8-a3c3-4290-8ff5-202e1227d1ff","phase":"capture_disk","status":"checkpoint","elapsedMs":63529,"message":"stage still running","stagePhase":"capturing","needsAlpha":false,"workerCount":2,"forceScreenshot":true,"totalFrames":1451,"framesCompleted":1035,"captureMode":"screenshot","captureOperation":"captureScreenshot","heartbeatIndex":2,"stageElapsedMs":60001}
  ██████████████░░░░░░░░░░░  57%  Capturing frame 1038/1451 (2 workers)
  ██████████████░░░░░░░░░░░  57%  Capturing frame 1041/1451 (2 workers)
  ██████████████░░░░░░░░░░░  57%  Capturing frame 1044/1451 (2 workers)
  ██████████████░░░░░░░░░░░  57%  Capturing frame 1047/1451 (2 workers)
  ██████████████░░░░░░░░░░░  58%  Capturing frame 1050/1451 (2 workers)
  ██████████████░░░░░░░░░░░  58%  Capturing frame 1053/1451 (2 workers)
  ██████████████░░░░░░░░░░░  58%  Capturing frame 1056/1451 (2 workers)
  ██████████████░░░░░░░░░░░  58%  Capturing frame 1059/1451 (2 workers)
  ██████████████░░░░░░░░░░░  58%  Capturing frame 1062/1451 (2 workers)
  ██████████████░░░░░░░░░░░  58%  Capturing frame 1065/1451 (2 workers)
  ██████████████░░░░░░░░░░░  58%  Capturing frame 1068/1451 (2 workers)
  ██████████████░░░░░░░░░░░  58%  Capturing frame 1071/1451 (2 workers)
  ██████████████░░░░░░░░░░░  58%  Capturing frame 1074/1451 (2 workers)
  ██████████████░░░░░░░░░░░  58%  Capturing frame 1076/1451 (2 workers)
  ██████████████░░░░░░░░░░░  58%  Capturing frame 1078/1451 (2 workers)
  ██████████████░░░░░░░░░░░  58%  Capturing frame 1080/1451 (2 workers)
  ██████████████░░░░░░░░░░░  59%  Capturing frame 1082/1451 (2 workers)
  ██████████████░░░░░░░░░░░  59%  Capturing frame 1084/1451 (2 workers)
  ██████████████░░░░░░░░░░░  59%  Capturing frame 1087/1451 (2 workers)
  ██████████████░░░░░░░░░░░  59%  Capturing frame 1089/1451 (2 workers)
  ██████████████░░░░░░░░░░░  59%  Capturing frame 1091/1451 (2 workers)
  ██████████████░░░░░░░░░░░  59%  Capturing frame 1093/1451 (2 workers)
  ██████████████░░░░░░░░░░░  59%  Capturing frame 1096/1451 (2 workers)
  ██████████████░░░░░░░░░░░  59%  Capturing frame 1098/1451 (2 workers)
  ██████████████░░░░░░░░░░░  59%  Capturing frame 1100/1451 (2 workers)
  ██████████████░░░░░░░░░░░  59%  Capturing frame 1102/1451 (2 workers)
  ██████████████░░░░░░░░░░░  59%  Capturing frame 1104/1451 (2 workers)
  ██████████████░░░░░░░░░░░  59%  Capturing frame 1107/1451 (2 workers)
  ██████████████░░░░░░░░░░░  59%  Capturing frame 1110/1451 (2 workers)
  ███████████████░░░░░░░░░░  60%  Capturing frame 1113/1451 (2 workers)
  ███████████████░░░░░░░░░░  60%  Capturing frame 1115/1451 (2 workers)
  ███████████████░░░░░░░░░░  60%  Capturing frame 1118/1451 (2 workers)
  ███████████████░░░░░░░░░░  60%  Capturing frame 1120/1451 (2 workers)
  ███████████████░░░░░░░░░░  60%  Capturing frame 1123/1451 (2 workers)
  ███████████████░░░░░░░░░░  60%  Capturing frame 1126/1451 (2 workers)
  ███████████████░░░░░░░░░░  60%  Capturing frame 1129/1451 (2 workers)
  ███████████████░░░░░░░░░░  60%  Capturing frame 1133/1451 (2 workers)
  ███████████████░░░░░░░░░░  60%  Capturing frame 1138/1451 (2 workers)
  ███████████████░░░░░░░░░░  60%  Capturing frame 1142/1451 (2 workers)
  ███████████████░░░░░░░░░░  61%  Capturing frame 1146/1451 (2 workers)
  ███████████████░░░░░░░░░░  61%  Capturing frame 1150/1451 (2 workers)
  ███████████████░░░░░░░░░░  61%  Capturing frame 1155/1451 (2 workers)
  ███████████████░░░░░░░░░░  61%  Capturing frame 1159/1451 (2 workers)
  ███████████████░░░░░░░░░░  61%  Capturing frame 1163/1451 (2 workers)
  ███████████████░░░░░░░░░░  61%  Capturing frame 1167/1451 (2 workers)
  ███████████████░░░░░░░░░░  61%  Capturing frame 1172/1451 (2 workers)
  ███████████████░░░░░░░░░░  62%  Capturing frame 1177/1451 (2 workers)
  ███████████████░░░░░░░░░░  62%  Capturing frame 1182/1451 (2 workers)
  ███████████████░░░░░░░░░░  62%  Capturing frame 1187/1451 (2 workers)
  ███████████████░░░░░░░░░░  62%  Capturing frame 1193/1451 (2 workers)
  ███████████████░░░░░░░░░░  62%  Capturing frame 1198/1451 (2 workers)
  ███████████████░░░░░░░░░░  62%  Capturing frame 1203/1451 (2 workers)
  ███████████████░░░░░░░░░░  62%  Capturing frame 1208/1451 (2 workers)
  ███████████████░░░░░░░░░░  63%  Capturing frame 1213/1451 (2 workers)
  ███████████████░░░░░░░░░░  63%  Capturing frame 1217/1451 (2 workers)
  ███████████████░░░░░░░░░░  63%  Capturing frame 1220/1451 (2 workers)
  ███████████████░░░░░░░░░░  63%  Capturing frame 1222/1451 (2 workers)
  ███████████████░░░░░░░░░░  63%  Capturing frame 1224/1451 (2 workers)
  ███████████████░░░░░░░░░░  63%  Capturing frame 1226/1451 (2 workers)
  ███████████████░░░░░░░░░░  63%  Capturing frame 1228/1451 (2 workers)
  ███████████████░░░░░░░░░░  63%  Capturing frame 1230/1451 (2 workers)
  ███████████████░░░░░░░░░░  63%  Capturing frame 1233/1451 (2 workers)
  ███████████████░░░░░░░░░░  63%  Capturing frame 1236/1451 (2 workers)
  ███████████████░░░░░░░░░░  63%  Capturing frame 1239/1451 (2 workers)
  ████████████████░░░░░░░░░  64%  Capturing frame 1242/1451 (2 workers)
  ████████████████░░░░░░░░░  64%  Capturing frame 1245/1451 (2 workers)
  ████████████████░░░░░░░░░  64%  Capturing frame 1248/1451 (2 workers)
  ████████████████░░░░░░░░░  64%  Capturing frame 1250/1451 (2 workers)
  ████████████████░░░░░░░░░  64%  Capturing frame 1252/1451 (2 workers)
  ████████████████░░░░░░░░░  64%  Capturing frame 1254/1451 (2 workers)
  ████████████████░░░░░░░░░  64%  Capturing frame 1256/1451 (2 workers)
  ████████████████░░░░░░░░░  64%  Capturing frame 1258/1451 (2 workers)
  ████████████████░░░░░░░░░  64%  Capturing frame 1260/1451 (2 workers)
  ████████████████░░░░░░░░░  64%  Capturing frame 1262/1451 (2 workers)
  ████████████████░░░░░░░░░  64%  Capturing frame 1264/1451 (2 workers)
  ████████████████░░░░░░░░░  64%  Capturing frame 1267/1451 (2 workers)
  ████████████████░░░░░░░░░  64%  Capturing frame 1270/1451 (2 workers)
  ████████████████░░░░░░░░░  64%  Capturing frame 1272/1451 (2 workers)
  ████████████████░░░░░░░░░  65%  Capturing frame 1274/1451 (2 workers)
  ████████████████░░░░░░░░░  65%  Capturing frame 1276/1451 (2 workers)
  ████████████████░░░░░░░░░  65%  Capturing frame 1278/1451 (2 workers)
  ████████████████░░░░░░░░░  65%  Capturing frame 1279/1451 (2 workers)
  ████████████████░░░░░░░░░  65%  Capturing frame 1280/1451 (2 workers)
  ████████████████░░░░░░░░░  65%  Capturing frame 1282/1451 (2 workers)
  ████████████████░░░░░░░░░  65%  Capturing frame 1284/1451 (2 workers)
  ████████████████░░░░░░░░░  65%  Capturing frame 1286/1451 (2 workers)
  ████████████████░░░░░░░░░  65%  Capturing frame 1288/1451 (2 workers)
  ████████████████░░░░░░░░░  65%  Capturing frame 1290/1451 (2 workers)
  ████████████████░░░░░░░░░  65%  Capturing frame 1293/1451 (2 workers)
  ████████████████░░░░░░░░░  65%  Capturing frame 1295/1451 (2 workers)
  ████████████████░░░░░░░░░  65%  Capturing frame 1298/1451 (2 workers)
  ████████████████░░░░░░░░░  65%  Capturing frame 1300/1451 (2 workers)
  ████████████████░░░░░░░░░  65%  Capturing frame 1302/1451 (2 workers)
  ████████████████░░░░░░░░░  65%  Capturing frame 1304/1451 (2 workers)
  ████████████████░░░░░░░░░  66%  Capturing frame 1306/1451 (2 workers)
  ████████████████░░░░░░░░░  66%  Capturing frame 1308/1451 (2 workers)
  ████████████████░░░░░░░░░  66%  Capturing frame 1310/1451 (2 workers)
  ████████████████░░░░░░░░░  66%  Capturing frame 1312/1451 (2 workers)
  ████████████████░░░░░░░░░  66%  Capturing frame 1314/1451 (2 workers)
  ████████████████░░░░░░░░░  66%  Capturing frame 1316/1451 (2 workers)
  ████████████████░░░░░░░░░  66%  Capturing frame 1318/1451 (2 workers)
  ████████████████░░░░░░░░░  66%  Capturing frame 1320/1451 (2 workers)
  ████████████████░░░░░░░░░  66%  Capturing frame 1322/1451 (2 workers)
  ████████████████░░░░░░░░░  66%  Capturing frame 1324/1451 (2 workers)
  ████████████████░░░░░░░░░  66%  Capturing frame 1326/1451 (2 workers)
  ████████████████░░░░░░░░░  66%  Capturing frame 1327/1451 (2 workers)
  ████████████████░░░░░░░░░  66%  Capturing frame 1328/1451 (2 workers)
  ████████████████░░░░░░░░░  66%  Capturing frame 1329/1451 (2 workers)
  ████████████████░░░░░░░░░  66%  Capturing frame 1330/1451 (2 workers)
  ████████████████░░░░░░░░░  66%  Capturing frame 1331/1451 (2 workers)
  ████████████████░░░░░░░░░  66%  Capturing frame 1333/1451 (2 workers)
  ████████████████░░░░░░░░░  66%  Capturing frame 1335/1451 (2 workers)
  ████████████████░░░░░░░░░  66%  Capturing frame 1337/1451 (2 workers)
  ████████████████░░░░░░░░░  67%  Capturing frame 1339/1451 (2 workers)
  ████████████████░░░░░░░░░  67%  Capturing frame 1341/1451 (2 workers)
  ████████████████░░░░░░░░░  67%  Capturing frame 1343/1451 (2 workers)
  ████████████████░░░░░░░░░  67%  Capturing frame 1345/1451 (2 workers)
  ████████████████░░░░░░░░░  67%  Capturing frame 1347/1451 (2 workers)
  ████████████████░░░░░░░░░  67%  Capturing frame 1349/1451 (2 workers)
  ████████████████░░░░░░░░░  67%  Capturing frame 1351/1451 (2 workers)
  ████████████████░░░░░░░░░  67%  Capturing frame 1353/1451 (2 workers)
  ████████████████░░░░░░░░░  67%  Capturing frame 1355/1451 (2 workers)
  ████████████████░░░░░░░░░  67%  Capturing frame 1357/1451 (2 workers)
  ████████████████░░░░░░░░░  67%  Capturing frame 1359/1451 (2 workers)
  ████████████████░░░░░░░░░  67%  Capturing frame 1361/1451 (2 workers)
  ████████████████░░░░░░░░░  67%  Capturing frame 1363/1451 (2 workers)
  ████████████████░░░░░░░░░  67%  Capturing frame 1365/1451 (2 workers)
  ████████████████░░░░░░░░░  67%  Capturing frame 1367/1451 (2 workers)
  ████████████████░░░░░░░░░  67%  Capturing frame 1369/1451 (2 workers)
  █████████████████░░░░░░░░  68%  Capturing frame 1371/1451 (2 workers)
  █████████████████░░░░░░░░  68%  Capturing frame 1373/1451 (2 workers)
  █████████████████░░░░░░░░  68%  Capturing frame 1375/1451 (2 workers)
  █████████████████░░░░░░░░  68%  Capturing frame 1377/1451 (2 workers)
  █████████████████░░░░░░░░  68%  Capturing frame 1379/1451 (2 workers)
  █████████████████░░░░░░░░  68%  Capturing frame 1381/1451 (2 workers)
  █████████████████░░░░░░░░  68%  Capturing frame 1383/1451 (2 workers)
  █████████████████░░░░░░░░  68%  Capturing frame 1385/1451 (2 workers)
  █████████████████░░░░░░░░  68%  Capturing frame 1387/1451 (2 workers)
  █████████████████░░░░░░░░  68%  Capturing frame 1389/1451 (2 workers)
  █████████████████░░░░░░░░  68%  Capturing frame 1391/1451 (2 workers)
  █████████████████░░░░░░░░  68%  Capturing frame 1394/1451 (2 workers)
  █████████████████░░░░░░░░  68%  Capturing frame 1397/1451 (2 workers)
  █████████████████░░░░░░░░  68%  Capturing frame 1399/1451 (2 workers)
  █████████████████░░░░░░░░  68%  Capturing frame 1401/1451 (2 workers)
  █████████████████░░░░░░░░  69%  Capturing frame 1403/1451 (2 workers)
  █████████████████░░░░░░░░  69%  Capturing frame 1405/1451 (2 workers)
  █████████████████░░░░░░░░  69%  Capturing frame 1407/1451 (2 workers)
  █████████████████░░░░░░░░  69%  Capturing frame 1409/1451 (2 workers)
  █████████████████░░░░░░░░  69%  Capturing frame 1411/1451 (2 workers)
  █████████████████░░░░░░░░  69%  Capturing frame 1413/1451 (2 workers)
  █████████████████░░░░░░░░  69%  Capturing frame 1415/1451 (2 workers)
  █████████████████░░░░░░░░  69%  Capturing frame 1417/1451 (2 workers)
  █████████████████░░░░░░░░  69%  Capturing frame 1420/1451 (2 workers)
  █████████████████░░░░░░░░  69%  Capturing frame 1423/1451 (2 workers)
  █████████████████░░░░░░░░  69%  Capturing frame 1426/1451 (2 workers)
  █████████████████░░░░░░░░  69%  Capturing frame 1429/1451 (2 workers)
  █████████████████░░░░░░░░  69%  Capturing frame 1432/1451 (2 workers)
  █████████████████░░░░░░░░  70%  Capturing frame 1435/1451 (2 workers)
  █████████████████░░░░░░░░  70%  Capturing frame 1438/1451 (2 workers)
  █████████████████░░░░░░░░  70%  Capturing frame 1442/1451 (2 workers)
  █████████████████░░░░░░░░  70%  Capturing frame 1446/1451 (2 workers)
  █████████████████░░░░░░░░  70%  Capturing frame 1450/1451 (2 workers)
  █████████████████░░░░░░░░  70%  Capturing frame 1451/1451 (2 workers)
[static-dedup] reused 29/726 frame(s) (4%), est. ~4437ms saved (avg 153ms/frame)
[INFO] [Render:trace] {"renderJobId":"26d33ed8-a3c3-4290-8ff5-202e1227d1ff","phase":"capture_disk","status":"end","elapsedMs":115287,"durationMs":111760,"stagePhase":"capturing","needsAlpha":false,"workerCount":2,"forceScreenshot":true,"totalFrames":1451,"framesCompleted":1451,"captureMode":"screenshot","captureOperation":"encode"}
[INFO] [Render:trace] {"renderJobId":"26d33ed8-a3c3-4290-8ff5-202e1227d1ff","phase":"encode","status":"start","elapsedMs":115288,"stagePhase":"capturing","hasAudio":true,"isPngSequence":false,"isGif":false,"chunkedEncode":false,"workerCount":2,"forceScreenshot":true,"totalFrames":1451,"framesCompleted":1451,"captureMode":"screenshot","captureOperation":"encode"}
  ██████████████████░░░░░░░  75%  Encoding video
[INFO] [Render:trace] {"renderJobId":"26d33ed8-a3c3-4290-8ff5-202e1227d1ff","phase":"encode","status":"checkpoint","elapsedMs":145288,"message":"stage still running","stagePhase":"capturing","hasAudio":true,"isPngSequence":false,"isGif":false,"chunkedEncode":false,"workerCount":2,"forceScreenshot":true,"totalFrames":1451,"framesCompleted":1451,"captureMode":"screenshot","captureOperation":"encode","heartbeatIndex":1,"stageElapsedMs":30000}
[INFO] [Render:trace] {"renderJobId":"26d33ed8-a3c3-4290-8ff5-202e1227d1ff","phase":"encode","status":"end","elapsedMs":145617,"durationMs":30329,"stagePhase":"capturing","hasAudio":true,"isPngSequence":false,"isGif":false,"chunkedEncode":false,"workerCount":2,"forceScreenshot":true,"totalFrames":1451,"framesCompleted":1451,"captureMode":"screenshot","captureOperation":"encode"}
[INFO] [Render:trace] {"renderJobId":"26d33ed8-a3c3-4290-8ff5-202e1227d1ff","phase":"assemble","status":"start","elapsedMs":145618,"stagePhase":"capturing","hasAudio":true,"workerCount":2,"forceScreenshot":true,"totalFrames":1451,"framesCompleted":1451,"captureMode":"screenshot","captureOperation":"encode"}
  ██████████████████████░░░  90%  Assembling final video
[INFO] [Render:trace] {"renderJobId":"26d33ed8-a3c3-4290-8ff5-202e1227d1ff","phase":"assemble","status":"end","elapsedMs":149896,"durationMs":4278,"stagePhase":"capturing","hasAudio":true,"workerCount":2,"forceScreenshot":true,"totalFrames":1451,"framesCompleted":1451,"captureMode":"screenshot","captureOperation":"encode"}
[INFO] [Render:trace] {"renderJobId":"26d33ed8-a3c3-4290-8ff5-202e1227d1ff","phase":"pipeline","status":"checkpoint","elapsedMs":149970,"message":"artifact validated","totalElapsedMs":149957}
  █████████████████████████  100%  Render complete

◇  /workspace/scratch/84a9a71a0bd6/projects/ai-business-collage/renders/v2_capture.mp4
   31.0 MB · 48.4s video · rendered in 2m 30.0s
   screenshot capture · software gpu · compile 1.6s · extract 0.0s · audio 1.9s · probe 0.7s · setup 0.0s · capture 1m 51.8s · encode 30.3s · assemble 4.3s
