[SystemMemory] cgroup memory limit detected: 8192 MiB — it governs memory-adaptive render behaviour instead of host RAM.
◆  Capturing 20 frames at [0.5s, 1.7s, 3.8s, 5.6s, 7.2s, 9s, 11.8s, 15.3s, 16.9s, 17.8s, 20.5s, 23.5s, 25.85s, 27.25s, 29.3s, 31.65s, 34.5s, 36.5s, 39.5s, 47.8s] from ai-business-collage
[HyperFrames] Not inlining "assets/generated/A02_business_start_line_environment.png" (2.3 MB exceeds the 2 MB inline limit). The bundle may not be self-contained.
[HyperFrames] Not inlining "assets/generated/A07_hand_blank_folder.png" (2.1 MB exceeds the 2 MB inline limit). The bundle may not be self-contained.
[HyperFrames] Not inlining "assets/generated/A07_hand_blank_folder.png" (2.1 MB exceeds the 2 MB inline limit). The bundle may not be self-contained.
[HyperFrames] Not inlining "assets/rebuild/R01_overhead_workspace.png" (2.5 MB exceeds the 2 MB inline limit). The bundle may not be self-contained.
[HyperFrames] Not inlining "assets/generated/A14_workwear_layer_blazer.png" (2.2 MB exceeds the 2 MB inline limit). The bundle may not be self-contained.
[HyperFrames] Not inlining "assets/rebuild/R02_olive_plant.png" (2.4 MB exceeds the 2 MB inline limit). The bundle may not be self-contained.
[HyperFrames] Not inlining "assets/generated/A22_contract_folders_blank.png" (2.1 MB exceeds the 2 MB inline limit). The bundle may not be self-contained.
[HyperFrames] Not inlining "assets/generated/A20_paper_request_slips_blank.png" (2.3 MB exceeds the 2 MB inline limit). The bundle may not be self-contained.

   Fonts: 3 loaded

◇  20 snapshots saved to /workspace/scratch/84a9a71a0bd6/projects/ai-business-collage/reviews/v2-draft
   reviews/v2-draft/frame-00-at-0.5s.png
   reviews/v2-draft/frame-01-at-1.7s.png
   reviews/v2-draft/frame-02-at-3.8s.png
   reviews/v2-draft/frame-03-at-5.6s.png
   reviews/v2-draft/frame-04-at-7.2s.png
   reviews/v2-draft/frame-05-at-9s.png
   reviews/v2-draft/frame-06-at-11.8s.png
   reviews/v2-draft/frame-07-at-15.3s.png
   reviews/v2-draft/frame-08-at-16.9s.png
   reviews/v2-draft/frame-09-at-17.8s.png
   reviews/v2-draft/frame-10-at-20.5s.png
   reviews/v2-draft/frame-11-at-23.5s.png
   reviews/v2-draft/frame-12-at-25.85s.png
   reviews/v2-draft/frame-13-at-27.25s.png
   reviews/v2-draft/frame-14-at-29.3s.png
   reviews/v2-draft/frame-15-at-31.65s.png
   reviews/v2-draft/frame-16-at-34.5s.png
   reviews/v2-draft/frame-17-at-36.5s.png
   reviews/v2-draft/frame-18-at-39.5s.png
   reviews/v2-draft/frame-19-at-47.8s.png
   contact-sheet-1..3.jpg (grid view for AI review)
   --describe: GEMINI_API_KEY not set, skipping
