{
  "status": "pass",
  "source": "/workspace/scratch/84a9a71a0bd6/projects/ai-business-collage/renders/AI_Business_Collage.mp4",
  "source_manifest": {
    "path": "/workspace/scratch/84a9a71a0bd6/projects/ai-business-collage/renders/AI_Business_Collage.mp4",
    "size_bytes": 32587550,
    "mtime_ns": 1791093686715041995
  },
  "frames_analyzed": 1451,
  "findings": [
    {
      "code": "extreme-luma-change",
      "severity": "review",
      "frame": 75,
      "time": 2.5,
      "delta_yavg": 52.815,
      "message": "Large frame-to-frame luma change detected; confirm that the cut or transition is intentional"
    },
    {
      "code": "extreme-luma-change",
      "severity": "review",
      "frame": 77,
      "time": 2.56667,
      "delta_yavg": 76.896,
      "message": "Large frame-to-frame luma change detected; confirm that the cut or transition is intentional"
    },
    {
      "code": "extreme-luma-change",
      "severity": "review",
      "frame": 196,
      "time": 6.53333,
      "delta_yavg": 111.592,
      "message": "Large frame-to-frame luma change detected; confirm that the cut or transition is intentional"
    },
    {
      "code": "extreme-luma-change",
      "severity": "review",
      "frame": 198,
      "time": 6.6,
      "delta_yavg": 79.522,
      "message": "Large frame-to-frame luma change detected; confirm that the cut or transition is intentional"
    },
    {
      "code": "extreme-luma-change",
      "severity": "review",
      "frame": 241,
      "time": 8.03333,
      "delta_yavg": 121.568,
      "message": "Large frame-to-frame luma change detected; confirm that the cut or transition is intentional"
    },
    {
      "code": "extreme-luma-change",
      "severity": "review",
      "frame": 243,
      "time": 8.1,
      "delta_yavg": 150.034,
      "message": "Large frame-to-frame luma change detected; confirm that the cut or transition is intentional"
    },
    {
      "code": "extreme-luma-change",
      "severity": "review",
      "frame": 297,
      "time": 9.9,
      "delta_yavg": 142.4,
      "message": "Large frame-to-frame luma change detected; confirm that the cut or transition is intentional"
    },
    {
      "code": "extreme-luma-change",
      "severity": "review",
      "frame": 299,
      "time": 9.96667,
      "delta_yavg": 152.546,
      "message": "Large frame-to-frame luma change detected; confirm that the cut or transition is intentional"
    },
    {
      "code": "extreme-luma-change",
      "severity": "review",
      "frame": 672,
      "time": 22.4,
      "delta_yavg": 145.03,
      "message": "Large frame-to-frame luma change detected; confirm that the cut or transition is intentional"
    },
    {
      "code": "extreme-luma-change",
      "severity": "review",
      "frame": 674,
      "time": 22.4667,
      "delta_yavg": 143.302,
      "message": "Large frame-to-frame luma change detected; confirm that the cut or transition is intentional"
    },
    {
      "code": "extreme-luma-change",
      "severity": "review",
      "frame": 810,
      "time": 27.0,
      "delta_yavg": 62.512,
      "message": "Large frame-to-frame luma change detected; confirm that the cut or transition is intentional"
    },
    {
      "code": "extreme-luma-change",
      "severity": "review",
      "frame": 1117,
      "time": 37.2333,
      "delta_yavg": 79.93,
      "message": "Large frame-to-frame luma change detected; confirm that the cut or transition is intentional"
    }
  ],
  "counts": {
    "one_frame_flashes": 0,
    "extreme_luma_changes": 12
  },
  "note": "Temporal signal findings are review candidates, not automatic creative failures",
  "gpu": {
    "decision": "cpu-fallback-explicit",
    "reason": "gpu-backend-detected-but-media-decode-failed",
    "gpu": {
      "gpu_available": true,
      "backend": "qsv",
      "ffmpeg_input_args": [
        "-hwaccel",
        "qsv"
      ],
      "video_encoder": "h264_qsv",
      "encoder_args": [
        "-c:v",
        "h264_qsv"
      ],
      "encode_accelerated": true,
      "browser_args": [
        "--enable-gpu",
        "--ignore-gpu-blocklist",
        "--use-gl=angle"
      ],
      "signals": {
        "os": "Linux",
        "ffmpeg_hwaccels": [
          "cuda",
          "drm",
          "opencl",
          "qsv",
          "vaapi",
          "vdpau",
          "vulkan"
        ],
        "ffmpeg_encoders": [
          "a64multi",
          "a64multi5",
          "alias_pix",
          "amv",
          "apng",
          "asv1",
          "asv2",
          "av1_nvenc",
          "av1_qsv",
          "av1_vaapi",
          "avrp",
          "avui",
          "ayuv",
          "bitpacked",
          "bmp",
          "cfhd",
          "cinepak",
          "cljr",
          "dnxhd",
          "dpx",
          "dvvideo",
          "exr",
          "ffv1",
          "ffvhuff",
          "fits",
          "flashsv",
          "flashsv2",
          "flv",
          "gif",
          "h261",
          "h263",
          "h263_v4l2m2m",
          "h263p",
          "h264_nvenc",
          "h264_qsv",
          "h264_v4l2m2m",
          "h264_vaapi",
          "hap",
          "hdr",
          "hevc_nvenc",
          "hevc_qsv",
          "hevc_v4l2m2m",
          "hevc_vaapi",
          "huffyuv",
          "jpeg2000",
          "jpegls",
          "libaom-av1",
          "libjxl",
          "libopenjpeg",
          "librav1e",
          "libsvtav1",
          "libtheora",
          "libvpx",
          "libvpx-vp9",
          "libwebp",
          "libwebp_anim",
          "libx264",
          "libx264rgb",
          "libx265",
          "libxvid",
          "ljpeg",
          "magicyuv",
          "mjpeg",
          "mjpeg_qsv",
          "mjpeg_vaapi",
          "mpeg1video",
          "mpeg2_qsv",
          "mpeg2_vaapi",
          "mpeg2video",
          "mpeg4",
          "mpeg4_v4l2m2m",
          "msmpeg4",
          "msmpeg4v2",
          "msrle",
          "msvideo1",
          "pam",
          "pbm",
          "pcx",
          "pfm",
          "pgm",
          "pgmyuv",
          "phm",
          "png",
          "ppm",
          "prores",
          "prores_aw",
          "prores_ks",
          "qoi",
          "qtrle",
          "r10k",
          "r210",
          "rawvideo",
          "roqvideo",
          "rpza",
          "rv10",
          "rv20",
          "sgi",
          "smc",
          "snow",
          "speedhq",
          "sunrast",
          "svq1",
          "targa",
          "tiff",
          "utvideo",
          "v210",
          "v308",
          "v408",
          "v410",
          "vbn",
          "vc2",
          "vnull",
          "vp8_v4l2m2m",
          "vp8_vaapi",
          "vp9_qsv",
          "vp9_vaapi",
          "wbmp",
          "wmv1",
          "wmv2",
          "wrapped_avframe",
          "xbm",
          "xface",
          "xwd",
          "y41p",
          "yuv4",
          "zlib",
          "zmbv"
        ],
        "nvidia_smi": false,
        "vaapi_devices": []
      },
      "verification": "media-decode-failed",
      "encode_verification": "candidate-hardware-encoder-detected",
      "note": "Browser GPU, media decode, and hardware encode are separate claims and each must be verified on the actual workload"
    }
  }
}
