Input #0, mov,mp4,m4a,3gp,3g2,mj2, from 'projects/ai-business-collage/renders/AI_Business_Collage.mp4':
  Metadata:
    major_brand     : isom
    minor_version   : 512
    compatible_brands: isomiso2avc1mp41
    encoder         : Lavf60.16.100
  Duration: 00:00:48.37, start: 0.000000, bitrate: 3500 kb/s
  Stream #0:0[0x1](und): Video: h264 (High) (avc1 / 0x31637661), yuv420p(tv, bt709, progressive), 1080x1920 [SAR 1:1 DAR 9:16], 3281 kb/s, 30 fps, 30 tbr, 15360 tbn (default)
    Metadata:
      handler_name    : VideoHandler
      vendor_id       : [0][0][0][0]
      encoder         : Lavc60.31.102 libx264
  Stream #0:1[0x2](und): Audio: aac (LC) (mp4a / 0x6134706D), 48000 Hz, mono, fltp, 211 kb/s (default)
    Metadata:
      handler_name    : SoundHandler
      vendor_id       : [0][0][0][0]
Stream mapping:
  Stream #0:0 -> #0:0 (h264 (native) -> mjpeg (native))
Press [q] to stop, [?] for help
[swscaler @ 0x55e3c86783c0] deprecated pixel format used, make sure you did set range correctly
    Last message repeated 3 times
Output #0, image2, to 'projects/ai-business-collage/reviews/rounds/20261004T053217.407606Z-AI_Business_Collage/evidence/sample-%03d.jpg':
  Metadata:
    major_brand     : isom
    minor_version   : 512
    compatible_brands: isomiso2avc1mp41
    encoder         : Lavf60.16.100
  Stream #0:0(und): Video: mjpeg, yuvj420p(pc, bt709, progressive), 720x1280 [SAR 1:1 DAR 9:16], q=2-31, 200 kb/s, 0.17 fps, 0.17 tbn (default)
    Metadata:
      handler_name    : VideoHandler
      vendor_id       : [0][0][0][0]
      encoder         : Lavc60.31.102 mjpeg
    Side data:
      cpb: bitrate max/min/avg: 0/0/200000 buffer size: 0 vbv_delay: N/A
frame=    0 fps=0.0 q=6.6 size=       0kB time=00:00:00.00 bitrate=N/A speed=   0x    
frame=    4 fps=0.0 q=1.6 size=N/A time=00:00:18.13 bitrate=N/A speed=  29x    
frame=    7 fps=6.2 q=1.6 size=N/A time=00:00:36.27 bitrate=N/A speed=32.2x    
[out#0/image2 @ 0x55e3c7d04080] video:368kB audio:0kB subtitle:0kB other streams:0kB global headers:0kB muxing overhead: unknown
frame=    8 fps=6.9 q=1.6 Lsize=N/A time=00:00:42.32 bitrate=N/A speed=36.7x    
