Input #0, mov,mp4,m4a,3gp,3g2,mj2, from 'projects/ai-business-collage/renders/AI_Business_Collage.mp4':
  Metadata:
    major_brand     : isom
    minor_version   : 512
    compatible_brands: isomiso2avc1mp41
    encoder         : Lavf60.16.100
  Duration: 00:00:48.37, start: 0.000000, bitrate: 3500 kb/s
  Stream #0:0[0x1](und): Video: h264 (High) (avc1 / 0x31637661), yuv420p(tv, bt709, progressive), 1080x1920 [SAR 1:1 DAR 9:16], 3281 kb/s, 30 fps, 30 tbr, 15360 tbn (default)
    Metadata:
      handler_name    : VideoHandler
      vendor_id       : [0][0][0][0]
      encoder         : Lavc60.31.102 libx264
  Stream #0:1[0x2](und): Audio: aac (LC) (mp4a / 0x6134706D), 48000 Hz, mono, fltp, 211 kb/s (default)
    Metadata:
      handler_name    : SoundHandler
      vendor_id       : [0][0][0][0]
Stream mapping:
  Stream #0:0 -> #0:0 (h264 (native) -> wrapped_avframe (native))
Press [q] to stop, [?] for help
Output #0, null, to 'pipe:':
  Metadata:
    major_brand     : isom
    minor_version   : 512
    compatible_brands: isomiso2avc1mp41
    encoder         : Lavf60.16.100
  Stream #0:0(und): Video: wrapped_avframe, yuv420p(tv, bt709, progressive), 1080x1920 [SAR 1:1 DAR 9:16], q=2-31, 200 kb/s, 30 fps, 30 tbn (default)
    Metadata:
      handler_name    : VideoHandler
      vendor_id       : [0][0][0][0]
      encoder         : Lavc60.31.102 wrapped_avframe
frame=    0 fps=0.0 q=-0.0 size=       0kB time=00:00:00.00 bitrate=N/A speed=   0x    
[freezedetect @ 0x55bc6bc9dac0] lavfi.freezedetect.freeze_start: 1.23333
[freezedetect @ 0x55bc6bc9dac0] lavfi.freezedetect.freeze_duration: 0.333333
[freezedetect @ 0x55bc6bc9dac0] lavfi.freezedetect.freeze_end: 1.56667
[freezedetect @ 0x55bc6bc9dac0] lavfi.freezedetect.freeze_start: 1.76667
[freezedetect @ 0x55bc6bc9dac0] lavfi.freezedetect.freeze_duration: 0.733333
[freezedetect @ 0x55bc6bc9dac0] lavfi.freezedetect.freeze_end: 2.5
[freezedetect @ 0x55bc6bc9dac0] lavfi.freezedetect.freeze_start: 2.5
[freezedetect @ 0x55bc6bc9dac0] lavfi.freezedetect.freeze_duration: 0.366667
[freezedetect @ 0x55bc6bc9dac0] lavfi.freezedetect.freeze_end: 2.86667
[freezedetect @ 0x55bc6bc9dac0] lavfi.freezedetect.freeze_start: 3.03333
[freezedetect @ 0x55bc6bc9dac0] lavfi.freezedetect.freeze_duration: 0.266667
[freezedetect @ 0x55bc6bc9dac0] lavfi.freezedetect.freeze_end: 3.3
[freezedetect @ 0x55bc6bc9dac0] lavfi.freezedetect.freeze_start: 3.56667
[freezedetect @ 0x55bc6bc9dac0] lavfi.freezedetect.freeze_duration: 0.166667
[freezedetect @ 0x55bc6bc9dac0] lavfi.freezedetect.freeze_end: 3.73333
[freezedetect @ 0x55bc6bc9dac0] lavfi.freezedetect.freeze_start: 3.86667
[freezedetect @ 0x55bc6bc9dac0] lavfi.freezedetect.freeze_duration: 0.233333
[freezedetect @ 0x55bc6bc9dac0] lavfi.freezedetect.freeze_end: 4.1
[freezedetect @ 0x55bc6bc9dac0] lavfi.freezedetect.freeze_start: 4.26667
[freezedetect @ 0x55bc6bc9dac0] lavfi.freezedetect.freeze_duration: 0.666667
[freezedetect @ 0x55bc6bc9dac0] lavfi.freezedetect.freeze_end: 4.93333
[freezedetect @ 0x55bc6bc9dac0] lavfi.freezedetect.freeze_start: 5.16667
[freezedetect @ 0x55bc6bc9dac0] lavfi.freezedetect.freeze_duration: 1.36667
[freezedetect @ 0x55bc6bc9dac0] lavfi.freezedetect.freeze_end: 6.53333
[freezedetect @ 0x55bc6bc9dac0] lavfi.freezedetect.freeze_start: 6.7
[freezedetect @ 0x55bc6bc9dac0] lavfi.freezedetect.freeze_duration: 1.33333
[freezedetect @ 0x55bc6bc9dac0] lavfi.freezedetect.freeze_end: 8.03333
[freezedetect @ 0x55bc6bc9dac0] lavfi.freezedetect.freeze_start: 8.26667
[freezedetect @ 0x55bc6bc9dac0] lavfi.freezedetect.freeze_duration: 1.6
[freezedetect @ 0x55bc6bc9dac0] lavfi.freezedetect.freeze_end: 9.86667
frame=  300 fps=0.0 q=-0.0 size=N/A time=00:00:10.00 bitrate=N/A speed=  19x    
[freezedetect @ 0x55bc6bc9dac0] lavfi.freezedetect.freeze_start: 10.0333
[freezedetect @ 0x55bc6bc9dac0] lavfi.freezedetect.freeze_duration: 0.133333
[freezedetect @ 0x55bc6bc9dac0] lavfi.freezedetect.freeze_end: 10.1667
[freezedetect @ 0x55bc6bc9dac0] lavfi.freezedetect.freeze_start: 10.4
[freezedetect @ 0x55bc6bc9dac0] lavfi.freezedetect.freeze_duration: 0.133333
[freezedetect @ 0x55bc6bc9dac0] lavfi.freezedetect.freeze_end: 10.5333
[freezedetect @ 0x55bc6bc9dac0] lavfi.freezedetect.freeze_start: 10.5333
[freezedetect @ 0x55bc6bc9dac0] lavfi.freezedetect.freeze_duration: 0.433333
[freezedetect @ 0x55bc6bc9dac0] lavfi.freezedetect.freeze_end: 10.9667
[freezedetect @ 0x55bc6bc9dac0] lavfi.freezedetect.freeze_start: 10.9667
[freezedetect @ 0x55bc6bc9dac0] lavfi.freezedetect.freeze_duration: 0.133333
[freezedetect @ 0x55bc6bc9dac0] lavfi.freezedetect.freeze_end: 11.1
[freezedetect @ 0x55bc6bc9dac0] lavfi.freezedetect.freeze_start: 11.1333
[freezedetect @ 0x55bc6bc9dac0] lavfi.freezedetect.freeze_duration: 0.333333
[freezedetect @ 0x55bc6bc9dac0] lavfi.freezedetect.freeze_end: 11.4667
[freezedetect @ 0x55bc6bc9dac0] lavfi.freezedetect.freeze_start: 12.2667
[freezedetect @ 0x55bc6bc9dac0] lavfi.freezedetect.freeze_duration: 0.133333
[freezedetect @ 0x55bc6bc9dac0] lavfi.freezedetect.freeze_end: 12.4
[freezedetect @ 0x55bc6bc9dac0] lavfi.freezedetect.freeze_start: 12.4
[freezedetect @ 0x55bc6bc9dac0] lavfi.freezedetect.freeze_duration: 0.133333
[freezedetect @ 0x55bc6bc9dac0] lavfi.freezedetect.freeze_end: 12.5333
[freezedetect @ 0x55bc6bc9dac0] lavfi.freezedetect.freeze_start: 12.5333
[freezedetect @ 0x55bc6bc9dac0] lavfi.freezedetect.freeze_duration: 0.133333
[freezedetect @ 0x55bc6bc9dac0] lavfi.freezedetect.freeze_end: 12.6667
[freezedetect @ 0x55bc6bc9dac0] lavfi.freezedetect.freeze_start: 12.6667
[freezedetect @ 0x55bc6bc9dac0] lavfi.freezedetect.freeze_duration: 0.166667
[freezedetect @ 0x55bc6bc9dac0] lavfi.freezedetect.freeze_end: 12.8333
[freezedetect @ 0x55bc6bc9dac0] lavfi.freezedetect.freeze_start: 12.8333
[freezedetect @ 0x55bc6bc9dac0] lavfi.freezedetect.freeze_duration: 0.166667
[freezedetect @ 0x55bc6bc9dac0] lavfi.freezedetect.freeze_end: 13
[freezedetect @ 0x55bc6bc9dac0] lavfi.freezedetect.freeze_start: 13
[freezedetect @ 0x55bc6bc9dac0] lavfi.freezedetect.freeze_duration: 0.133333
[freezedetect @ 0x55bc6bc9dac0] lavfi.freezedetect.freeze_end: 13.1333
[freezedetect @ 0x55bc6bc9dac0] lavfi.freezedetect.freeze_start: 13.1333
[freezedetect @ 0x55bc6bc9dac0] lavfi.freezedetect.freeze_duration: 0.166667
[freezedetect @ 0x55bc6bc9dac0] lavfi.freezedetect.freeze_end: 13.3
[freezedetect @ 0x55bc6bc9dac0] lavfi.freezedetect.freeze_start: 13.3
[freezedetect @ 0x55bc6bc9dac0] lavfi.freezedetect.freeze_duration: 0.133333
[freezedetect @ 0x55bc6bc9dac0] lavfi.freezedetect.freeze_end: 13.4333
[freezedetect @ 0x55bc6bc9dac0] lavfi.freezedetect.freeze_start: 13.5
[freezedetect @ 0x55bc6bc9dac0] lavfi.freezedetect.freeze_duration: 0.133333
[freezedetect @ 0x55bc6bc9dac0] lavfi.freezedetect.freeze_end: 13.6333
[freezedetect @ 0x55bc6bc9dac0] lavfi.freezedetect.freeze_start: 13.6333
[freezedetect @ 0x55bc6bc9dac0] lavfi.freezedetect.freeze_duration: 0.166667
[freezedetect @ 0x55bc6bc9dac0] lavfi.freezedetect.freeze_end: 13.8
[freezedetect @ 0x55bc6bc9dac0] lavfi.freezedetect.freeze_start: 13.8
[freezedetect @ 0x55bc6bc9dac0] lavfi.freezedetect.freeze_duration: 0.2
[freezedetect @ 0x55bc6bc9dac0] lavfi.freezedetect.freeze_end: 14
[freezedetect @ 0x55bc6bc9dac0] lavfi.freezedetect.freeze_start: 16.1
[freezedetect @ 0x55bc6bc9dac0] lavfi.freezedetect.freeze_duration: 0.166667
[freezedetect @ 0x55bc6bc9dac0] lavfi.freezedetect.freeze_end: 16.2667
[freezedetect @ 0x55bc6bc9dac0] lavfi.freezedetect.freeze_start: 16.8333
[freezedetect @ 0x55bc6bc9dac0] lavfi.freezedetect.freeze_duration: 0.4
[freezedetect @ 0x55bc6bc9dac0] lavfi.freezedetect.freeze_end: 17.2333
[freezedetect @ 0x55bc6bc9dac0] lavfi.freezedetect.freeze_start: 17.7667
[freezedetect @ 0x55bc6bc9dac0] lavfi.freezedetect.freeze_duration: 0.333333
[freezedetect @ 0x55bc6bc9dac0] lavfi.freezedetect.freeze_end: 18.1
[freezedetect @ 0x55bc6bc9dac0] lavfi.freezedetect.freeze_start: 18.1
[freezedetect @ 0x55bc6bc9dac0] lavfi.freezedetect.freeze_duration: 0.133333
[freezedetect @ 0x55bc6bc9dac0] lavfi.freezedetect.freeze_end: 18.2333
[freezedetect @ 0x55bc6bc9dac0] lavfi.freezedetect.freeze_start: 18.5
[freezedetect @ 0x55bc6bc9dac0] lavfi.freezedetect.freeze_duration: 0.133333
[freezedetect @ 0x55bc6bc9dac0] lavfi.freezedetect.freeze_end: 18.6333
[freezedetect @ 0x55bc6bc9dac0] lavfi.freezedetect.freeze_start: 18.7667
[freezedetect @ 0x55bc6bc9dac0] lavfi.freezedetect.freeze_duration: 0.166667
[freezedetect @ 0x55bc6bc9dac0] lavfi.freezedetect.freeze_end: 18.9333
[freezedetect @ 0x55bc6bc9dac0] lavfi.freezedetect.freeze_start: 18.9333
[freezedetect @ 0x55bc6bc9dac0] lavfi.freezedetect.freeze_duration: 0.4
[freezedetect @ 0x55bc6bc9dac0] lavfi.freezedetect.freeze_end: 19.3333
[freezedetect @ 0x55bc6bc9dac0] lavfi.freezedetect.freeze_start: 19.4667
[freezedetect @ 0x55bc6bc9dac0] lavfi.freezedetect.freeze_duration: 0.133333
[freezedetect @ 0x55bc6bc9dac0] lavfi.freezedetect.freeze_end: 19.6
[freezedetect @ 0x55bc6bc9dac0] lavfi.freezedetect.freeze_start: 19.7
[freezedetect @ 0x55bc6bc9dac0] lavfi.freezedetect.freeze_duration: 0.133333
[freezedetect @ 0x55bc6bc9dac0] lavfi.freezedetect.freeze_end: 19.8333
frame=  595 fps=580 q=-0.0 size=N/A time=00:00:19.83 bitrate=N/A speed=19.3x    
[freezedetect @ 0x55bc6bc9dac0] lavfi.freezedetect.freeze_start: 19.9667
[freezedetect @ 0x55bc6bc9dac0] lavfi.freezedetect.freeze_duration: 0.333333
[freezedetect @ 0x55bc6bc9dac0] lavfi.freezedetect.freeze_end: 20.3
[freezedetect @ 0x55bc6bc9dac0] lavfi.freezedetect.freeze_start: 20.7
[freezedetect @ 0x55bc6bc9dac0] lavfi.freezedetect.freeze_duration: 0.233333
[freezedetect @ 0x55bc6bc9dac0] lavfi.freezedetect.freeze_end: 20.9333
[freezedetect @ 0x55bc6bc9dac0] lavfi.freezedetect.freeze_start: 20.9333
[freezedetect @ 0x55bc6bc9dac0] lavfi.freezedetect.freeze_duration: 0.366667
[freezedetect @ 0x55bc6bc9dac0] lavfi.freezedetect.freeze_end: 21.3
[freezedetect @ 0x55bc6bc9dac0] lavfi.freezedetect.freeze_start: 21.3
[freezedetect @ 0x55bc6bc9dac0] lavfi.freezedetect.freeze_duration: 0.366667
[freezedetect @ 0x55bc6bc9dac0] lavfi.freezedetect.freeze_end: 21.6667
[freezedetect @ 0x55bc6bc9dac0] lavfi.freezedetect.freeze_start: 21.6667
[freezedetect @ 0x55bc6bc9dac0] lavfi.freezedetect.freeze_duration: 0.4
[freezedetect @ 0x55bc6bc9dac0] lavfi.freezedetect.freeze_end: 22.0667
[freezedetect @ 0x55bc6bc9dac0] lavfi.freezedetect.freeze_start: 22.0667
[freezedetect @ 0x55bc6bc9dac0] lavfi.freezedetect.freeze_duration: 0.3
[freezedetect @ 0x55bc6bc9dac0] lavfi.freezedetect.freeze_end: 22.3667
[freezedetect @ 0x55bc6bc9dac0] lavfi.freezedetect.freeze_start: 22.3667
[freezedetect @ 0x55bc6bc9dac0] lavfi.freezedetect.freeze_duration: 0.166667
[freezedetect @ 0x55bc6bc9dac0] lavfi.freezedetect.freeze_end: 22.5333
[freezedetect @ 0x55bc6bc9dac0] lavfi.freezedetect.freeze_start: 22.5333
[freezedetect @ 0x55bc6bc9dac0] lavfi.freezedetect.freeze_duration: 0.333333
[freezedetect @ 0x55bc6bc9dac0] lavfi.freezedetect.freeze_end: 22.8667
[freezedetect @ 0x55bc6bc9dac0] lavfi.freezedetect.freeze_start: 23.1
[freezedetect @ 0x55bc6bc9dac0] lavfi.freezedetect.freeze_duration: 0.333333
[freezedetect @ 0x55bc6bc9dac0] lavfi.freezedetect.freeze_end: 23.4333
[freezedetect @ 0x55bc6bc9dac0] lavfi.freezedetect.freeze_start: 23.6333
[freezedetect @ 0x55bc6bc9dac0] lavfi.freezedetect.freeze_duration: 0.5
[freezedetect @ 0x55bc6bc9dac0] lavfi.freezedetect.freeze_end: 24.1333
[freezedetect @ 0x55bc6bc9dac0] lavfi.freezedetect.freeze_start: 24.3
[freezedetect @ 0x55bc6bc9dac0] lavfi.freezedetect.freeze_duration: 2
[freezedetect @ 0x55bc6bc9dac0] lavfi.freezedetect.freeze_end: 26.3
frame=  922 fps=602 q=-0.0 size=N/A time=00:00:30.73 bitrate=N/A speed=20.1x    
[freezedetect @ 0x55bc6bc9dac0] lavfi.freezedetect.freeze_start: 36.9
[freezedetect @ 0x55bc6bc9dac0] lavfi.freezedetect.freeze_duration: 0.333333
[freezedetect @ 0x55bc6bc9dac0] lavfi.freezedetect.freeze_end: 37.2333
[freezedetect @ 0x55bc6bc9dac0] lavfi.freezedetect.freeze_start: 37.3333
[freezedetect @ 0x55bc6bc9dac0] lavfi.freezedetect.freeze_duration: 0.3
[freezedetect @ 0x55bc6bc9dac0] lavfi.freezedetect.freeze_end: 37.6333
[freezedetect @ 0x55bc6bc9dac0] lavfi.freezedetect.freeze_start: 37.7667
[freezedetect @ 0x55bc6bc9dac0] lavfi.freezedetect.freeze_duration: 0.3
[freezedetect @ 0x55bc6bc9dac0] lavfi.freezedetect.freeze_end: 38.0667
[freezedetect @ 0x55bc6bc9dac0] lavfi.freezedetect.freeze_start: 38.0667
[freezedetect @ 0x55bc6bc9dac0] lavfi.freezedetect.freeze_duration: 0.733333
[freezedetect @ 0x55bc6bc9dac0] lavfi.freezedetect.freeze_end: 38.8
frame= 1165 fps=570 q=-0.0 size=N/A time=00:00:38.83 bitrate=N/A speed=  19x    
[freezedetect @ 0x55bc6bc9dac0] lavfi.freezedetect.freeze_start: 38.8667
[freezedetect @ 0x55bc6bc9dac0] lavfi.freezedetect.freeze_duration: 0.166667
[freezedetect @ 0x55bc6bc9dac0] lavfi.freezedetect.freeze_end: 39.0333
[freezedetect @ 0x55bc6bc9dac0] lavfi.freezedetect.freeze_start: 39.0333
[freezedetect @ 0x55bc6bc9dac0] lavfi.freezedetect.freeze_duration: 0.766667
[freezedetect @ 0x55bc6bc9dac0] lavfi.freezedetect.freeze_end: 39.8
[freezedetect @ 0x55bc6bc9dac0] lavfi.freezedetect.freeze_start: 39.8
[freezedetect @ 0x55bc6bc9dac0] lavfi.freezedetect.freeze_duration: 0.466667
[freezedetect @ 0x55bc6bc9dac0] lavfi.freezedetect.freeze_end: 40.2667
[freezedetect @ 0x55bc6bc9dac0] lavfi.freezedetect.freeze_start: 40.7333
[freezedetect @ 0x55bc6bc9dac0] lavfi.freezedetect.freeze_duration: 0.2
[freezedetect @ 0x55bc6bc9dac0] lavfi.freezedetect.freeze_end: 40.9333
[freezedetect @ 0x55bc6bc9dac0] lavfi.freezedetect.freeze_start: 40.9333
[freezedetect @ 0x55bc6bc9dac0] lavfi.freezedetect.freeze_duration: 0.566667
[freezedetect @ 0x55bc6bc9dac0] lavfi.freezedetect.freeze_end: 41.5
[freezedetect @ 0x55bc6bc9dac0] lavfi.freezedetect.freeze_start: 41.5
[freezedetect @ 0x55bc6bc9dac0] lavfi.freezedetect.freeze_duration: 0.4
[freezedetect @ 0x55bc6bc9dac0] lavfi.freezedetect.freeze_end: 41.9
[freezedetect @ 0x55bc6bc9dac0] lavfi.freezedetect.freeze_start: 41.9
[freezedetect @ 0x55bc6bc9dac0] lavfi.freezedetect.freeze_duration: 0.966667
[freezedetect @ 0x55bc6bc9dac0] lavfi.freezedetect.freeze_end: 42.8667
[freezedetect @ 0x55bc6bc9dac0] lavfi.freezedetect.freeze_start: 42.9333
[freezedetect @ 0x55bc6bc9dac0] lavfi.freezedetect.freeze_duration: 1.73333
[freezedetect @ 0x55bc6bc9dac0] lavfi.freezedetect.freeze_end: 44.6667
[freezedetect @ 0x55bc6bc9dac0] lavfi.freezedetect.freeze_start: 44.6667
[freezedetect @ 0x55bc6bc9dac0] lavfi.freezedetect.freeze_duration: 0.9
[freezedetect @ 0x55bc6bc9dac0] lavfi.freezedetect.freeze_end: 45.5667
[freezedetect @ 0x55bc6bc9dac0] lavfi.freezedetect.freeze_start: 45.6333
[freezedetect @ 0x55bc6bc9dac0] lavfi.freezedetect.freeze_duration: 0.533333
[freezedetect @ 0x55bc6bc9dac0] lavfi.freezedetect.freeze_end: 46.1667
[freezedetect @ 0x55bc6bc9dac0] lavfi.freezedetect.freeze_start: 46.1667
[freezedetect @ 0x55bc6bc9dac0] lavfi.freezedetect.freeze_duration: 1.13333
[freezedetect @ 0x55bc6bc9dac0] lavfi.freezedetect.freeze_end: 47.3
[freezedetect @ 0x55bc6bc9dac0] lavfi.freezedetect.freeze_start: 47.3
[out#0/null @ 0x55bc6bb920c0] video:680kB audio:0kB subtitle:0kB other streams:0kB global headers:0kB muxing overhead: unknown
frame= 1451 fps=587 q=-0.0 Lsize=N/A time=00:00:48.33 bitrate=N/A speed=19.5x    
