Input #0, mov,mp4,m4a,3gp,3g2,mj2, from 'projects/ai-business-collage/renders/AI_Business_Collage.mp4':
  Metadata:
    major_brand     : isom
    minor_version   : 512
    compatible_brands: isomiso2avc1mp41
    encoder         : Lavf60.16.100
  Duration: 00:00:48.37, start: 0.000000, bitrate: 3500 kb/s
  Stream #0:0[0x1](und): Video: h264 (High) (avc1 / 0x31637661), yuv420p(tv, bt709, progressive), 1080x1920 [SAR 1:1 DAR 9:16], 3281 kb/s, 30 fps, 30 tbr, 15360 tbn (default)
    Metadata:
      handler_name    : VideoHandler
      vendor_id       : [0][0][0][0]
      encoder         : Lavc60.31.102 libx264
  Stream #0:1[0x2](und): Audio: aac (LC) (mp4a / 0x6134706D), 48000 Hz, mono, fltp, 211 kb/s (default)
    Metadata:
      handler_name    : SoundHandler
      vendor_id       : [0][0][0][0]
Stream mapping:
  Stream #0:1 (aac) -> showwavespic:default
  showwavespic:default -> Stream #0:0 (png)
Press [q] to stop, [?] for help
Output #0, image2, to 'projects/ai-business-collage/reviews/rounds/20261004T053217.407606Z-AI_Business_Collage/evidence/waveform.png':
  Metadata:
    major_brand     : isom
    minor_version   : 512
    compatible_brands: isomiso2avc1mp41
    encoder         : Lavf60.16.100
  Stream #0:0: Video: png, rgba(progressive), 1280x240 [SAR 1:1 DAR 16:3], q=2-31, 200 kb/s, 1 fps, 1 tbn
    Metadata:
      encoder         : Lavc60.31.102 png
frame=    0 fps=0.0 q=-0.0 size=       0kB time=00:00:00.00 bitrate=N/A speed=   0x    
[image2 @ 0x5637ca995f80] The specified filename 'projects/ai-business-collage/reviews/rounds/20261004T053217.407606Z-AI_Business_Collage/evidence/waveform.png' does not contain an image sequence pattern or a pattern is invalid.
[image2 @ 0x5637ca995f80] Use a pattern such as %03d for an image sequence or use the -update option (with -frames:v 1 if needed) to write a single image.
[out#0/image2 @ 0x5637ca995e80] video:15kB audio:0kB subtitle:0kB other streams:0kB global headers:0kB muxing overhead: unknown
frame=    1 fps=0.0 q=-0.0 Lsize=N/A time=00:00:00.00 bitrate=N/A speed=   0x    
